2025-04-11 11:05:15,448 - WARNING - \u26a0\ufe0f No jobs found.
2025-04-11 11:06:05,822 - WARNING - \u26a0\ufe0f No jobs found.
2025-04-11 11:16:28,970 - WARNING - \u26a0\ufe0f No job cards found — check your selector.
2025-04-11 11:18:04,677 - WARNING - \u26a0\ufe0f No job cards found — check your selector.
2025-04-11 11:28:49,316 - WARNING - No job cards found — check your selector.
2025-04-11 12:13:07,746 - WARNING - No job cards found — check your selector.
2025-04-11 12:13:17,126 - WARNING - No job cards found — check your selector.
2025-04-11 13:04:00,613 - WARNING - \u26a0\ufe0f No job cards found — check your selector.
2025-04-11 13:14:56,656 - WARNING - No job cards found — check your selector.
2025-04-11 13:19:39,152 - WARNING - \u26a0\ufe0f No job cards found — check your selector.
2025-04-11 13:21:30,029 - INFO - ====== WebDriver manager ======
2025-04-11 13:21:32,386 - INFO - Get LATEST chromedriver version for google-chrome
2025-04-11 13:21:33,417 - INFO - Get LATEST chromedriver version for google-chrome
2025-04-11 13:21:34,226 - INFO - There is no [win64] chromedriver "135.0.7049.84" for browser google-chrome "135.0.7049" in cache
2025-04-11 13:21:34,226 - INFO - Get LATEST chromedriver version for google-chrome
2025-04-11 13:21:36,190 - INFO - WebDriver version 135.0.7049.84 selected
2025-04-11 13:21:36,194 - INFO - Modern chrome version https://storage.googleapis.com/chrome-for-testing-public/135.0.7049.84/win32/chromedriver-win32.zip
2025-04-11 13:21:36,194 - INFO - About to download new driver from https://storage.googleapis.com/chrome-for-testing-public/135.0.7049.84/win32/chromedriver-win32.zip
2025-04-11 13:21:36,734 - INFO - Driver downloading response is 200
2025-04-11 13:21:50,756 - INFO - Get LATEST chromedriver version for google-chrome
2025-04-11 13:21:54,020 - INFO - Driver has been saved in cache [C:\Users\uncommonstudent\.wdm\drivers\chromedriver\win64\135.0.7049.84]
2025-04-11 13:22:10,759 - WARNING - \u26a0\ufe0f No job cards found — check your selector.
2025-04-11 13:27:48,829 - INFO - ====== WebDriver manager ======
2025-04-11 13:27:50,262 - INFO - Get LATEST chromedriver version for google-chrome
2025-04-11 13:27:50,920 - INFO - Get LATEST chromedriver version for google-chrome
2025-04-11 13:27:51,854 - INFO - Driver [C:\Users\uncommonstudent\.wdm\drivers\chromedriver\win64\135.0.7049.84\chromedriver-win32/chromedriver.exe] found in cache
2025-04-11 13:28:04,839 - WARNING - \u26a0\ufe0f No job cards found — check your selector.
2025-04-11 15:15:40,588 - INFO - Starting job scrape
2025-04-11 15:15:41,898 - ERROR - Scraping failed: 'Expiry Date'
2025-04-11 15:16:14,143 - INFO - Starting job scrape
2025-04-11 15:16:15,235 - ERROR - Scraping failed: 'Expiry Date'
2025-04-14 07:59:11,468 - INFO - Starting job scrape...
2025-04-14 07:59:12,898 - ERROR - Scraping failed: 'Expiry Date'
2025-04-14 08:06:47,236 - INFO - Starting job scrape...
2025-04-14 08:06:48,420 - ERROR - No jobs scraped. Check HTML structure.
2025-04-14 08:26:19,431 - INFO - Starting job scrape...
2025-04-14 08:26:21,554 - WARNING - Could not parse one job: 'NoneType' object has no attribute 'get_text'
2025-04-14 08:26:21,555 - WARNING - Could not parse one job: 'NoneType' object has no attribute 'get_text'
2025-04-14 08:26:21,555 - ERROR - No jobs scraped after parsing loop.
2025-04-14 08:40:38,957 - INFO - Starting job scrape...
2025-04-14 08:40:40,161 - WARNING - Could not parse one job: 'NoneType' object has no attribute 'get_text'
2025-04-14 08:40:40,161 - WARNING - Could not parse one job: 'NoneType' object has no attribute 'get_text'
2025-04-14 08:40:40,162 - ERROR - No jobs scraped after parsing loop.
2025-04-14 08:42:00,853 - INFO - Starting job scrape...
2025-04-14 08:42:02,204 - WARNING - Could not parse one job: 'NoneType' object has no attribute 'get_text'
2025-04-14 08:42:02,205 - WARNING - Could not parse one job: 'NoneType' object has no attribute 'get_text'
2025-04-14 08:42:02,206 - ERROR - No jobs scraped after parsing loop.
2025-04-14 08:55:41,747 - INFO - Starting job scrape...
2025-04-14 08:59:25,566 - INFO - Starting job scrape...
2025-04-14 08:59:26,840 - WARNING - Could not parse one job: 'NoneType' object has no attribute 'get_text'
2025-04-14 08:59:26,843 - WARNING - Could not parse one job: 'NoneType' object has no attribute 'get_text'
2025-04-14 08:59:26,845 - WARNING - Could not parse one job: 'NoneType' object has no attribute 'get_text'
2025-04-14 08:59:26,847 - WARNING - Could not parse one job: 'NoneType' object has no attribute 'get_text'
2025-04-14 08:59:26,849 - WARNING - Could not parse one job: 'NoneType' object has no attribute 'get_text'
2025-04-14 08:59:26,850 - WARNING - Could not parse one job: 'NoneType' object has no attribute 'get_text'
2025-04-14 08:59:26,994 - INFO - Job scrape successful. Data saved to scraped_data.csv.
2025-04-14 09:01:45,163 - INFO - Starting job scrape...
2025-04-14 09:01:46,430 - WARNING - Could not parse one job: 'NoneType' object has no attribute 'get_text'
2025-04-14 09:01:46,436 - WARNING - Could not parse one job: 'NoneType' object has no attribute 'get_text'
2025-04-14 09:01:46,437 - WARNING - Could not parse one job: 'NoneType' object has no attribute 'get_text'
2025-04-14 09:01:46,438 - WARNING - Could not parse one job: 'NoneType' object has no attribute 'get_text'
2025-04-14 09:01:46,440 - WARNING - Could not parse one job: 'NoneType' object has no attribute 'get_text'
2025-04-14 09:01:46,441 - WARNING - Could not parse one job: 'NoneType' object has no attribute 'get_text'
2025-04-14 09:01:46,468 - INFO - Job scrape successful. Data saved to scraped_data.csv.
2025-04-14 09:03:46,157 - INFO - Starting job scrape...
2025-04-14 09:03:47,314 - INFO - Job scrape successful. Data saved to scraped_data.csv.
